[debug] [2026-10-08T04:51:58.759Z] ----------------------------------------------------------------------
[debug] [2026-10-08T04:51:58.763Z] Command:       /usr/local/bin/node /usr/local/bin/firebase emulators:start --only firestore,auth --project demo-no-project
[debug] [2026-10-08T04:51:58.763Z] CLI Version:   15.31.0
[debug] [2026-10-08T04:51:58.764Z] Platform:      linux
[debug] [2026-10-08T04:51:58.764Z] Node Version:  v22.23.3
[debug] [2026-10-08T04:51:58.764Z] Detected Agent: unknown
[debug] [2026-10-08T04:51:58.764Z] Time:          Thu Oct 08 2026 04:51:58 GMT+0000 (Coordinated Universal Time)
[debug] [2026-10-08T04:51:58.765Z] ----------------------------------------------------------------------
[debug] 
[debug] [2026-10-08T04:51:58.798Z] >>> [apiv2][query] GET https://firebase-public.firebaseio.com/cli.json [none]
[debug] [2026-10-08T04:52:01.077Z] openjdk version "21.0.12.1" 2026-08-18 LTS
OpenJDK Runtime Environment Temurin-21.0.12.1+1 (build 21.0.12.1+1-LTS)
OpenJDK 64-Bit Server VM Temurin-21.0.12.1+1 (build 21.0.12.1+1-LTS, mixed mode, sharing)

[debug] [2026-10-08T04:52:01.096Z] Parsed Java major version: 21
[info] i  emulators: Starting emulators: auth, firestore {"metadata":{"emulator":{"name":"hub"},"message":"Starting emulators: auth, firestore"}}
[info] i  emulators: Detected demo project ID "demo-no-project", emulated services will use a demo configuration and attempts to access non-emulated services for this project will fail. {"metadata":{"emulator":{"name":"hub"},"message":"Detected demo project ID \"demo-no-project\", emulated services will use a demo configuration and attempts to access non-emulated services for this project will fail."}}
[debug] [2026-10-08T04:52:01.106Z] [logging] Logging Emulator only supports listening on one address (127.0.0.1). Not listening on ::1
[debug] [2026-10-08T04:52:01.106Z] [auth] Authentication Emulator only supports listening on one address (127.0.0.1). Not listening on ::1
[debug] [2026-10-08T04:52:01.106Z] [firestore] Firestore Emulator only supports listening on one address (127.0.0.1). Not listening on ::1
[debug] [2026-10-08T04:52:01.106Z] [firestore.websocket] websocket server for firestore only supports listening on one address (127.0.0.1). Not listening on ::1
[debug] [2026-10-08T04:52:01.106Z] assigned listening specs for emulators {"user":{"hub":[{"address":"127.0.0.1","family":"IPv4","port":4400},{"address":"::1","family":"IPv6","port":4400}],"ui":[{"address":"127.0.0.1","family":"IPv4","port":4000},{"address":"::1","family":"IPv6","port":4000}],"logging":[{"address":"127.0.0.1","family":"IPv4","port":4500}],"auth":[{"address":"127.0.0.1","family":"IPv4","port":9099}],"firestore":[{"address":"127.0.0.1","family":"IPv4","port":8085}],"firestore.websocket":[{"address":"127.0.0.1","family":"IPv4","port":9150}]},"metadata":{"message":"assigned listening specs for emulators"}}
[debug] [2026-10-08T04:52:01.111Z] Write emulator hub locator at /tmp/hub-demo-no-project.json
[debug] [2026-10-08T04:52:01.119Z] Ignoring unsupported arg: auto_download {"metadata":{"emulator":{"name":"firestore"},"message":"Ignoring unsupported arg: auto_download"}}
[debug] [2026-10-08T04:52:01.120Z] Ignoring unsupported arg: single_project_mode_error {"metadata":{"emulator":{"name":"firestore"},"message":"Ignoring unsupported arg: single_project_mode_error"}}
[debug] [2026-10-08T04:52:01.120Z] Starting Firestore Emulator with command {"binary":"java","args":["-Dgoogle.cloud_firestore.debug_log_level=FINE","-Duser.language=en","-jar","/opt/firebase-emulators/cloud-firestore-emulator-v1.22.0.jar","--host","127.0.0.1","--port",8085,"--websocket_port",9150,"--database-edition","standard","--project_id","demo-no-project","--rules","/app/applet/firestore.rules","--single_project_mode",true],"optionalArgs":["port","webchannel_port","host","rules","websocket_port","database-edition","functions_emulator","seed_from_export","project_id","single_project_mode"],"joinArgs":false,"shell":false,"port":8085} {"metadata":{"emulator":{"name":"firestore"},"message":"Starting Firestore Emulator with command {\"binary\":\"java\",\"args\":[\"-Dgoogle.cloud_firestore.debug_log_level=FINE\",\"-Duser.language=en\",\"-jar\",\"/opt/firebase-emulators/cloud-firestore-emulator-v1.22.0.jar\",\"--host\",\"127.0.0.1\",\"--port\",8085,\"--websocket_port\",9150,\"--database-edition\",\"standard\",\"--project_id\",\"demo-no-project\",\"--rules\",\"/app/applet/firestore.rules\",\"--single_project_mode\",true],\"optionalArgs\":[\"port\",\"webchannel_port\",\"host\",\"rules\",\"websocket_port\",\"database-edition\",\"functions_emulator\",\"seed_from_export\",\"project_id\",\"single_project_mode\"],\"joinArgs\":false,\"shell\":false,\"port\":8085}"}}
[info] i  firestore: Firestore Emulator logging to firestore-debug.log {"metadata":{"emulator":{"name":"firestore"},"message":"Firestore Emulator logging to firestore-debug.log"}}
[debug] [2026-10-08T04:52:01.516Z] <<< [apiv2][status] GET https://firebase-public.firebaseio.com/cli.json 200
[debug] [2026-10-08T04:52:01.517Z] <<< [apiv2][body] GET https://firebase-public.firebaseio.com/cli.json {"cloudBuildErrorAfter":1594252800000,"cloudBuildWarnAfter":1590019200000,"defaultNode10After":1594252800000,"minVersion":"3.0.5","node8DeploysDisabledAfter":1613390400000,"node8RuntimeDisabledAfter":1615809600000,"node8WarnAfter":1600128000000}
[debug] [2026-10-08T04:52:03.549Z] Oct 08, 2026 4:52:03 AM com.google.cloud.datastore.emulator.firestore.websocket.WebSocketServer start
INFO: Started WebSocket server on ws://127.0.0.1:9150
 {"metadata":{"emulator":{"name":"firestore"},"message":"Oct 08, 2026 4:52:03 AM com.google.cloud.datastore.emulator.firestore.websocket.WebSocketServer start\nINFO: Started WebSocket server on ws://127.0.0.1:9150\n"}}
[debug] [2026-10-08T04:52:03.595Z] 
API endpoint: http://127.0.0.1:8085 {"metadata":{"emulator":{"name":"firestore"},"message":"\nAPI endpoint: http://127.0.0.1:8085"}}
[debug] [2026-10-08T04:52:03.595Z] 
Database Edition: STANDARD
Database Mode: CLOUD_FIRESTORE

If you are using a library that supports the FIRESTORE_EMULATOR_HOST environment variable, run:

   export FIRESTORE_EMULATOR_HOST=127.0.0.1:8085

If you are running a Firestore in Datastore Mode project, run:

   export DATASTORE_EMULATOR_HOST=127.0.0.1:8085

Note: Support for Datastore Mode is in preview. If you encounter any bugs please file at https://github.com/firebase/firebase-tools/issues.
Dev App Server is now running.

 {"metadata":{"emulator":{"name":"firestore"},"message":"\nDatabase Edition: STANDARD\nDatabase Mode: CLOUD_FIRESTORE\n\nIf you are using a library that supports the FIRESTORE_EMULATOR_HOST environment variable, run:\n\n   export FIRESTORE_EMULATOR_HOST=127.0.0.1:8085\n\nIf you are running a Firestore in Datastore Mode project, run:\n\n   export DATASTORE_EMULATOR_HOST=127.0.0.1:8085\n\nNote: Support for Datastore Mode is in preview. If you encounter any bugs please file at https://github.com/firebase/firebase-tools/issues.\nDev App Server is now running.\n\n"}}
[info] ✔  firestore: Firestore Emulator was started in standard edition. {"metadata":{"emulator":{"name":"firestore"},"message":"Firestore Emulator was started in standard edition."}}
[info] ✔  firestore: Firestore Emulator UI websocket is running on 9150. {"metadata":{"emulator":{"name":"firestore"},"message":"Firestore Emulator UI websocket is running on 9150."}}
[debug] [2026-10-08T04:52:13.745Z] Oct 08, 2026 4:52:03 AM io.gapi.emulators.netty.HttpVersionRoutingHandler channelRead
INFO: Detected non-HTTP/2 connection.
Oct 08, 2026 4:52:05 AM io.gapi.emulators.netty.HttpVersionRoutingHandler channelRead
INFO: Detected non-HTTP/2 connection.
Oct 08, 2026 4:52:06 AM io.gapi.emulators.netty.HttpVersionRoutingHandler channelRead
INFO: Detected non-HTTP/2 connection.
Oct 08, 2026 4:52:07 AM io.gapi.emulators.netty.HttpVersionRoutingHandler channelRead
INFO: Detected non-HTTP/2 connection.
Oct 08, 2026 4:52:08 AM io.gapi.emulators.netty.HttpVersionRoutingHandler channelRead
INFO: Detected non-HTTP/2 connection.
Oct 08, 2026 4:52:09 AM io.gapi.emulators.netty.HttpVersionRoutingHandler channelRead
INFO: Detected non-HTTP/2 connection.
Oct 08, 2026 4:52:10 AM io.gapi.emulators.netty.HttpVersionRoutingHandler channelRead
INFO: Detected non-HTTP/2 connection.
Oct 08, 2026 4:52:11 AM io.gapi.emulators.netty.HttpVersionRoutingHandler channelRead
INFO: Detected non-HTTP/2 connection.
Oct 08, 2026 4:52:12 AM io.gapi.emulators.netty.HttpVersionRoutingHandler channelRead
INFO: Detected non-HTTP/2 connection.
Oct 08, 2026 4:52:13 AM io.gapi.emulators.netty.HttpVersionRoutingHandler channelRead
INFO: Detected non-HTTP/2 connection.
 {"metadata":{"emulator":{"name":"firestore"},"message":"Oct 08, 2026 4:52:03 AM io.gapi.emulators.netty.HttpVersionRoutingHandler channelRead\nINFO: Detected non-HTTP/2 connection.\nOct 08, 2026 4:52:05 AM io.gapi.emulators.netty.HttpVersionRoutingHandler channelRead\nINFO: Detected non-HTTP/2 connection.\nOct 08, 2026 4:52:06 AM io.gapi.emulators.netty.HttpVersionRoutingHandler channelRead\nINFO: Detected non-HTTP/2 connection.\nOct 08, 2026 4:52:07 AM io.gapi.emulators.netty.HttpVersionRoutingHandler channelRead\nINFO: Detected non-HTTP/2 connection.\nOct 08, 2026 4:52:08 AM io.gapi.emulators.netty.HttpVersionRoutingHandler channelRead\nINFO: Detected non-HTTP/2 connection.\nOct 08, 2026 4:52:09 AM io.gapi.emulators.netty.HttpVersionRoutingHandler channelRead\nINFO: Detected non-HTTP/2 connection.\nOct 08, 2026 4:52:10 AM io.gapi.emulators.netty.HttpVersionRoutingHandler channelRead\nINFO: Detected non-HTTP/2 connection.\nOct 08, 2026 4:52:11 AM io.gapi.emulators.netty.HttpVersionRoutingHandler channelRead\nINFO: Detected non-HTTP/2 connection.\nOct 08, 2026 4:52:12 AM io.gapi.emulators.netty.HttpVersionRoutingHandler channelRead\nINFO: Detected non-HTTP/2 connection.\nOct 08, 2026 4:52:13 AM io.gapi.emulators.netty.HttpVersionRoutingHandler channelRead\nINFO: Detected non-HTTP/2 connection.\n"}}
[info] i  ui: downloading ui-v1.15.0.zip... {"metadata":{"emulator":{"name":"ui"},"message":"downloading ui-v1.15.0.zip..."}}
[debug] [2026-10-08T04:52:13.754Z] >>> [apiv2][query] GET https://storage.googleapis.com/firebase-preview-drop/emulator/ui-v1.15.0.zip 
[debug] [2026-10-08T04:52:13.781Z] <<< [apiv2][status] GET https://storage.googleapis.com/firebase-preview-drop/emulator/ui-v1.15.0.zip 200
[debug] [2026-10-08T04:52:13.782Z] <<< [apiv2][body] GET https://storage.googleapis.com/firebase-preview-drop/emulator/ui-v1.15.0.zip [stream]
[debug] [2026-10-08T04:52:13.912Z] Data is 3538469
[debug] [2026-10-08T04:52:13.912Z] [unzip] Entry: client/ (compressed_size=0 bytes, uncompressed_size=0 bytes)
[debug] [2026-10-08T04:52:13.912Z] [unzip] Processing entry: client/
[debug] [2026-10-08T04:52:13.912Z] [unzip] mkdir: /opt/firebase-emulators/ui-v1.15.0/client/
[debug] [2026-10-08T04:52:13.913Z] [unzip] Entry: client/favicon-16x16.png (compressed_size=293 bytes, uncompressed_size=293 bytes)
[debug] [2026-10-08T04:52:13.913Z] [unzip] Processing entry: client/favicon-16x16.png
[debug] [2026-10-08T04:52:13.913Z] [unzip] else mkdir: /opt/firebase-emulators/ui-v1.15.0/client
[debug] [2026-10-08T04:52:13.913Z] [unzip] Writing file: /opt/firebase-emulators/ui-v1.15.0/client/favicon-16x16.png
[debug] [2026-10-08T04:52:13.914Z] [unzip] Entry: client/safari-pinned-tab.svg (compressed_size=1433 bytes, uncompressed_size=2611 bytes)
[debug] [2026-10-08T04:52:13.914Z] [unzip] Processing entry: client/safari-pinned-tab.svg
[debug] [2026-10-08T04:52:13.914Z] [unzip] else mkdir: /opt/firebase-emulators/ui-v1.15.0/client
[debug] [2026-10-08T04:52:13.914Z] [unzip] deflating: /opt/firebase-emulators/ui-v1.15.0/client/safari-pinned-tab.svg
[debug] [2026-10-08T04:52:13.923Z] [unzip] Entry: client/favicon.ico (compressed_size=2933 bytes, uncompressed_size=13294 bytes)
[debug] [2026-10-08T04:52:13.924Z] [unzip] Processing entry: client/favicon.ico
[debug] [2026-10-08T04:52:13.924Z] [unzip] else mkdir: /opt/firebase-emulators/ui-v1.15.0/client
[debug] [2026-10-08T04:52:13.924Z] [unzip] deflating: /opt/firebase-emulators/ui-v1.15.0/client/favicon.ico
[debug] [2026-10-08T04:52:13.927Z] [unzip] Entry: client/index.html (compressed_size=1364 bytes, uncompressed_size=3071 bytes)
[debug] [2026-10-08T04:52:13.927Z] [unzip] Processing entry: client/index.html
[debug] [2026-10-08T04:52:13.927Z] [unzip] else mkdir: /opt/firebase-emulators/ui-v1.15.0/client
[debug] [2026-10-08T04:52:13.927Z] [unzip] deflating: /opt/firebase-emulators/ui-v1.15.0/client/index.html
[debug] [2026-10-08T04:52:13.929Z] [unzip] Entry: client/android-chrome-192x192.png (compressed_size=2684 bytes, uncompressed_size=2684 bytes)
[debug] [2026-10-08T04:52:13.929Z] [unzip] Processing entry: client/android-chrome-192x192.png
[debug] [2026-10-08T04:52:13.929Z] [unzip] else mkdir: /opt/firebase-emulators/ui-v1.15.0/client
[debug] [2026-10-08T04:52:13.929Z] [unzip] Writing file: /opt/firebase-emulators/ui-v1.15.0/client/android-chrome-192x192.png
[debug] [2026-10-08T04:52:13.930Z] [unzip] Entry: client/apple-touch-icon.png (compressed_size=2123 bytes, uncompressed_size=2152 bytes)
[debug] [2026-10-08T04:52:13.930Z] [unzip] Processing entry: client/apple-touch-icon.png
[debug] [2026-10-08T04:52:13.930Z] [unzip] else mkdir: /opt/firebase-emulators/ui-v1.15.0/client
[debug] [2026-10-08T04:52:13.930Z] [unzip] deflating: /opt/firebase-emulators/ui-v1.15.0/client/apple-touch-icon.png
[debug] [2026-10-08T04:52:13.932Z] [unzip] Entry: client/android-chrome-512x512.png (compressed_size=5369 bytes, uncompressed_size=5411 bytes)
[debug] [2026-10-08T04:52:13.932Z] [unzip] Processing entry: client/android-chrome-512x512.png
[debug] [2026-10-08T04:52:13.932Z] [unzip] else mkdir: /opt/firebase-emulators/ui-v1.15.0/client
[debug] [2026-10-08T04:52:13.932Z] [unzip] deflating: /opt/firebase-emulators/ui-v1.15.0/client/android-chrome-512x512.png
[debug] [2026-10-08T04:52:13.934Z] [unzip] Entry: client/manifest.json (compressed_size=245 bytes, uncompressed_size=551 bytes)
[debug] [2026-10-08T04:52:13.934Z] [unzip] Processing entry: client/manifest.json
[debug] [2026-10-08T04:52:13.934Z] [unzip] else mkdir: /opt/firebase-emulators/ui-v1.15.0/client
[debug] [2026-10-08T04:52:13.934Z] [unzip] deflating: /opt/firebase-emulators/ui-v1.15.0/client/manifest.json
[debug] [2026-10-08T04:52:13.936Z] [unzip] Entry: client/robots.txt (compressed_size=26 bytes, uncompressed_size=26 bytes)
[debug] [2026-10-08T04:52:13.936Z] [unzip] Processing entry: client/robots.txt
[debug] [2026-10-08T04:52:13.936Z] [unzip] else mkdir: /opt/firebase-emulators/ui-v1.15.0/client
[debug] [2026-10-08T04:52:13.936Z] [unzip] Writing file: /opt/firebase-emulators/ui-v1.15.0/client/robots.txt
[debug] [2026-10-08T04:52:13.937Z] [unzip] Entry: client/mstile-150x150.png (compressed_size=2034 bytes, uncompressed_size=2034 bytes)
[debug] [2026-10-08T04:52:13.937Z] [unzip] Processing entry: client/mstile-150x150.png
[debug] [2026-10-08T04:52:13.937Z] [unzip] else mkdir: /opt/firebase-emulators/ui-v1.15.0/client
[debug] [2026-10-08T04:52:13.937Z] [unzip] Writing file: /opt/firebase-emulators/ui-v1.15.0/client/mstile-150x150.png
[debug] [2026-10-08T04:52:13.938Z] [unzip] Entry: client/assets/ (compressed_size=0 bytes, uncompressed_size=0 bytes)
[debug] [2026-10-08T04:52:13.938Z] [unzip] Processing entry: client/assets/
[debug] [2026-10-08T04:52:13.938Z] [unzip] mkdir: /opt/firebase-emulators/ui-v1.15.0/client/assets/
[debug] [2026-10-08T04:52:13.938Z] [unzip] Entry: client/assets/index-BX-A56oj.js (compressed_size=582089 bytes, uncompressed_size=2092775 bytes)
[debug] [2026-10-08T04:52:13.938Z] [unzip] Processing entry: client/assets/index-BX-A56oj.js
[debug] [2026-10-08T04:52:13.938Z] [unzip] else mkdir: /opt/firebase-emulators/ui-v1.15.0/client/assets
[debug] [2026-10-08T04:52:13.939Z] [unzip] deflating: /opt/firebase-emulators/ui-v1.15.0/client/assets/index-BX-A56oj.js
[debug] [2026-10-08T04:52:13.964Z] [unzip] Entry: client/assets/index-CjB9C900.css (compressed_size=35979 bytes, uncompressed_size=298654 bytes)
[debug] [2026-10-08T04:52:13.964Z] [unzip] Processing entry: client/assets/index-CjB9C900.css
[debug] [2026-10-08T04:52:13.964Z] [unzip] else mkdir: /opt/firebase-emulators/ui-v1.15.0/client/assets
[debug] [2026-10-08T04:52:13.964Z] [unzip] deflating: /opt/firebase-emulators/ui-v1.15.0/client/assets/index-CjB9C900.css
[debug] [2026-10-08T04:52:13.967Z] [unzip] Entry: client/assets/index-BX-A56oj.js.map (compressed_size=2362482 bytes, uncompressed_size=10036679 bytes)
[debug] [2026-10-08T04:52:13.967Z] [unzip] Processing entry: client/assets/index-BX-A56oj.js.map
[debug] [2026-10-08T04:52:13.967Z] [unzip] else mkdir: /opt/firebase-emulators/ui-v1.15.0/client/assets
[debug] [2026-10-08T04:52:13.968Z] [unzip] deflating: /opt/firebase-emulators/ui-v1.15.0/client/assets/index-BX-A56oj.js.map
[debug] [2026-10-08T04:52:14.079Z] [unzip] Entry: client/assets/extensions/ (compressed_size=0 bytes, uncompressed_size=0 bytes)
[debug] [2026-10-08T04:52:14.079Z] [unzip] Processing entry: client/assets/extensions/
[debug] [2026-10-08T04:52:14.079Z] [unzip] mkdir: /opt/firebase-emulators/ui-v1.15.0/client/assets/extensions/
[debug] [2026-10-08T04:52:14.079Z] [unzip] Entry: client/assets/extensions/default-extension.png (compressed_size=1646 bytes, uncompressed_size=1657 bytes)
[debug] [2026-10-08T04:52:14.080Z] [unzip] Processing entry: client/assets/extensions/default-extension.png
[debug] [2026-10-08T04:52:14.080Z] [unzip] else mkdir: /opt/firebase-emulators/ui-v1.15.0/client/assets/extensions
[debug] [2026-10-08T04:52:14.081Z] [unzip] deflating: /opt/firebase-emulators/ui-v1.15.0/client/assets/extensions/default-extension.png
[debug] [2026-10-08T04:52:14.086Z] [unzip] Entry: client/assets/img/ (compressed_size=0 bytes, uncompressed_size=0 bytes)
[debug] [2026-10-08T04:52:14.086Z] [unzip] Processing entry: client/assets/img/
[debug] [2026-10-08T04:52:14.086Z] [unzip] mkdir: /opt/firebase-emulators/ui-v1.15.0/client/assets/img/
[debug] [2026-10-08T04:52:14.086Z] [unzip] Entry: client/assets/img/database.png (compressed_size=29449 bytes, uncompressed_size=29988 bytes)
[debug] [2026-10-08T04:52:14.087Z] [unzip] Processing entry: client/assets/img/database.png
[debug] [2026-10-08T04:52:14.087Z] [unzip] else mkdir: /opt/firebase-emulators/ui-v1.15.0/client/assets/img
[debug] [2026-10-08T04:52:14.087Z] [unzip] deflating: /opt/firebase-emulators/ui-v1.15.0/client/assets/img/database.png
[debug] [2026-10-08T04:52:14.089Z] [unzip] Entry: client/assets/provider-icons/ (compressed_size=0 bytes, uncompressed_size=0 bytes)
[debug] [2026-10-08T04:52:14.089Z] [unzip] Processing entry: client/assets/provider-icons/
[debug] [2026-10-08T04:52:14.089Z] [unzip] mkdir: /opt/firebase-emulators/ui-v1.15.0/client/assets/provider-icons/
[debug] [2026-10-08T04:52:14.090Z] [unzip] Entry: client/assets/provider-icons/auth_service_saml.svg (compressed_size=575 bytes, uncompressed_size=1226 bytes)
[debug] [2026-10-08T04:52:14.090Z] [unzip] Processing entry: client/assets/provider-icons/auth_service_saml.svg
[debug] [2026-10-08T04:52:14.090Z] [unzip] else mkdir: /opt/firebase-emulators/ui-v1.15.0/client/assets/provider-icons
[debug] [2026-10-08T04:52:14.090Z] [unzip] deflating: /opt/firebase-emulators/ui-v1.15.0/client/assets/provider-icons/auth_service_saml.svg
[debug] [2026-10-08T04:52:14.092Z] [unzip] Entry: client/assets/provider-icons/auth_service_phone.svg (compressed_size=261 bytes, uncompressed_size=414 bytes)
[debug] [2026-10-08T04:52:14.092Z] [unzip] Processing entry: client/assets/provider-icons/auth_service_phone.svg
[debug] [2026-10-08T04:52:14.092Z] [unzip] else mkdir: /opt/firebase-emulators/ui-v1.15.0/client/assets/provider-icons
[debug] [2026-10-08T04:52:14.092Z] [unzip] deflating: /opt/firebase-emulators/ui-v1.15.0/client/assets/provider-icons/auth_service_phone.svg
[debug] [2026-10-08T04:52:14.095Z] [unzip] Entry: client/assets/provider-icons/auth_service_facebook.svg (compressed_size=289 bytes, uncompressed_size=457 bytes)
[debug] [2026-10-08T04:52:14.095Z] [unzip] Processing entry: client/assets/provider-icons/auth_service_facebook.svg
[debug] [2026-10-08T04:52:14.095Z] [unzip] else mkdir: /opt/firebase-emulators/ui-v1.15.0/client/assets/provider-icons
[debug] [2026-10-08T04:52:14.096Z] [unzip] deflating: /opt/firebase-emulators/ui-v1.15.0/client/assets/provider-icons/auth_service_facebook.svg
[debug] [2026-10-08T04:52:14.097Z] [unzip] Entry: client/assets/provider-icons/auth_service_game_center.svg (compressed_size=991 bytes, uncompressed_size=3921 bytes)
[debug] [2026-10-08T04:52:14.097Z] [unzip] Processing entry: client/assets/provider-icons/auth_service_game_center.svg
[debug] [2026-10-08T04:52:14.097Z] [unzip] else mkdir: /opt/firebase-emulators/ui-v1.15.0/client/assets/provider-icons
[debug] [2026-10-08T04:52:14.097Z] [unzip] deflating: /opt/firebase-emulators/ui-v1.15.0/client/assets/provider-icons/auth_service_game_center.svg
[debug] [2026-10-08T04:52:14.099Z] [unzip] Entry: client/assets/provider-icons/auth_service_apple.svg (compressed_size=230 bytes, uncompressed_size=334 bytes)
[debug] [2026-10-08T04:52:14.099Z] [unzip] Processing entry: client/assets/provider-icons/auth_service_apple.svg
[debug] [2026-10-08T04:52:14.099Z] [unzip] else mkdir: /opt/firebase-emulators/ui-v1.15.0/client/assets/provider-icons
[debug] [2026-10-08T04:52:14.099Z] [unzip] deflating: /opt/firebase-emulators/ui-v1.15.0/client/assets/provider-icons/auth_service_apple.svg
[debug] [2026-10-08T04:52:14.100Z] [unzip] Entry: client/assets/provider-icons/auth_service_github.svg (compressed_size=466 bytes, uncompressed_size=838 bytes)
[debug] [2026-10-08T04:52:14.100Z] [unzip] Processing entry: client/assets/provider-icons/auth_service_github.svg
[debug] [2026-10-08T04:52:14.100Z] [unzip] else mkdir: /opt/firebase-emulators/ui-v1.15.0/client/assets/provider-icons
[debug] [2026-10-08T04:52:14.100Z] [unzip] deflating: /opt/firebase-emulators/ui-v1.15.0/client/assets/provider-icons/auth_service_github.svg
[debug] [2026-10-08T04:52:14.101Z] [unzip] Entry: client/assets/provider-icons/auth_service_mslive.svg (compressed_size=203 bytes, uncompressed_size=378 bytes)
[debug] [2026-10-08T04:52:14.101Z] [unzip] Processing entry: client/assets/provider-icons/auth_service_mslive.svg
[debug] [2026-10-08T04:52:14.101Z] [unzip] else mkdir: /opt/firebase-emulators/ui-v1.15.0/client/assets/provider-icons
[debug] [2026-10-08T04:52:14.102Z] [unzip] deflating: /opt/firebase-emulators/ui-v1.15.0/client/assets/provider-icons/auth_service_mslive.svg
[debug] [2026-10-08T04:52:14.103Z] [unzip] Entry: client/assets/provider-icons/auth_service_yahoo.svg (compressed_size=577 bytes, uncompressed_size=1182 bytes)
[debug] [2026-10-08T04:52:14.103Z] [unzip] Processing entry: client/assets/provider-icons/auth_service_yahoo.svg
[debug] [2026-10-08T04:52:14.103Z] [unzip] else mkdir: /opt/firebase-emulators/ui-v1.15.0/client/assets/provider-icons
[debug] [2026-10-08T04:52:14.103Z] [unzip] deflating: /opt/firebase-emulators/ui-v1.15.0/client/assets/provider-icons/auth_service_yahoo.svg
[debug] [2026-10-08T04:52:14.104Z] [unzip] Entry: client/assets/provider-icons/auth_service_twitter.svg (compressed_size=444 bytes, uncompressed_size=751 bytes)
[debug] [2026-10-08T04:52:14.104Z] [unzip] Processing entry: client/assets/provider-icons/auth_service_twitter.svg
[debug] [2026-10-08T04:52:14.104Z] [unzip] else mkdir: /opt/firebase-emulators/ui-v1.15.0/client/assets/provider-icons
[debug] [2026-10-08T04:52:14.105Z] [unzip] deflating: /opt/firebase-emulators/ui-v1.15.0/client/assets/provider-icons/auth_service_twitter.svg
[debug] [2026-10-08T04:52:14.106Z] [unzip] Entry: client/assets/provider-icons/auth_service_play_games.svg (compressed_size=565 bytes, uncompressed_size=1173 bytes)
[debug] [2026-10-08T04:52:14.106Z] [unzip] Processing entry: client/assets/provider-icons/auth_service_play_games.svg
[debug] [2026-10-08T04:52:14.106Z] [unzip] else mkdir: /opt/firebase-emulators/ui-v1.15.0/client/assets/provider-icons
[debug] [2026-10-08T04:52:14.106Z] [unzip] deflating: /opt/firebase-emulators/ui-v1.15.0/client/assets/provider-icons/auth_service_play_games.svg
[debug] [2026-10-08T04:52:14.107Z] [unzip] Entry: client/assets/provider-icons/auth_service_email.svg (compressed_size=228 bytes, uncompressed_size=326 bytes)
[debug] [2026-10-08T04:52:14.107Z] [unzip] Processing entry: client/assets/provider-icons/auth_service_email.svg
[debug] [2026-10-08T04:52:14.108Z] [unzip] else mkdir: /opt/firebase-emulators/ui-v1.15.0/client/assets/provider-icons
[debug] [2026-10-08T04:52:14.108Z] [unzip] deflating: /opt/firebase-emulators/ui-v1.15.0/client/assets/provider-icons/auth_service_email.svg
[debug] [2026-10-08T04:52:14.109Z] [unzip] Entry: client/assets/provider-icons/auth_service_google.svg (compressed_size=409 bytes, uncompressed_size=720 bytes)
[debug] [2026-10-08T04:52:14.109Z] [unzip] Processing entry: client/assets/provider-icons/auth_service_google.svg
[debug] [2026-10-08T04:52:14.109Z] [unzip] else mkdir: /opt/firebase-emulators/ui-v1.15.0/client/assets/provider-icons
[debug] [2026-10-08T04:52:14.109Z] [unzip] deflating: /opt/firebase-emulators/ui-v1.15.0/client/assets/provider-icons/auth_service_google.svg
[debug] [2026-10-08T04:52:14.110Z] [unzip] Entry: client/assets/provider-icons/auth_service_oidc.svg (compressed_size=414 bytes, uncompressed_size=858 bytes)
[debug] [2026-10-08T04:52:14.111Z] [unzip] Processing entry: client/assets/provider-icons/auth_service_oidc.svg
[debug] [2026-10-08T04:52:14.111Z] [unzip] else mkdir: /opt/firebase-emulators/ui-v1.15.0/client/assets/provider-icons
[debug] [2026-10-08T04:52:14.111Z] [unzip] deflating: /opt/firebase-emulators/ui-v1.15.0/client/assets/provider-icons/auth_service_oidc.svg
[debug] [2026-10-08T04:52:14.112Z] [unzip] Entry: client/browserconfig.xml (compressed_size=491 bytes, uncompressed_size=822 bytes)
[debug] [2026-10-08T04:52:14.112Z] [unzip] Processing entry: client/browserconfig.xml
[debug] [2026-10-08T04:52:14.112Z] [unzip] else mkdir: /opt/firebase-emulators/ui-v1.15.0/client
[debug] [2026-10-08T04:52:14.112Z] [unzip] deflating: /opt/firebase-emulators/ui-v1.15.0/client/browserconfig.xml
[debug] [2026-10-08T04:52:14.114Z] [unzip] Entry: client/favicon-32x32.png (compressed_size=475 bytes, uncompressed_size=475 bytes)
[debug] [2026-10-08T04:52:14.114Z] [unzip] Processing entry: client/favicon-32x32.png
[debug] [2026-10-08T04:52:14.114Z] [unzip] else mkdir: /opt/firebase-emulators/ui-v1.15.0/client
[debug] [2026-10-08T04:52:14.115Z] [unzip] Writing file: /opt/firebase-emulators/ui-v1.15.0/client/favicon-32x32.png
[debug] [2026-10-08T04:52:14.116Z] [unzip] Entry: server/ (compressed_size=0 bytes, uncompressed_size=0 bytes)
[debug] [2026-10-08T04:52:14.116Z] [unzip] Processing entry: server/
[debug] [2026-10-08T04:52:14.116Z] [unzip] mkdir: /opt/firebase-emulators/ui-v1.15.0/server/
[debug] [2026-10-08T04:52:14.116Z] [unzip] Entry: server/server.mjs.map (compressed_size=217845 bytes, uncompressed_size=944978 bytes)
[debug] [2026-10-08T04:52:14.116Z] [unzip] Processing entry: server/server.mjs.map
[debug] [2026-10-08T04:52:14.116Z] [unzip] else mkdir: /opt/firebase-emulators/ui-v1.15.0/server
[debug] [2026-10-08T04:52:14.116Z] [unzip] deflating: /opt/firebase-emulators/ui-v1.15.0/server/server.mjs.map
[debug] [2026-10-08T04:52:14.127Z] [unzip] Entry: server/server.mjs (compressed_size=276407 bytes, uncompressed_size=933701 bytes)
[debug] [2026-10-08T04:52:14.127Z] [unzip] Processing entry: server/server.mjs
[debug] [2026-10-08T04:52:14.127Z] [unzip] else mkdir: /opt/firebase-emulators/ui-v1.15.0/server
[debug] [2026-10-08T04:52:14.127Z] [unzip] deflating: /opt/firebase-emulators/ui-v1.15.0/server/server.mjs
[debug] [2026-10-08T04:52:14.145Z] Could not find VSCode notification endpoint: TypeError: fetch failed. If you are not running the Firebase SQL Connect VSCode extension, this is expected and not an issue.
[info] 
┌─────────────────────────────────────────────────────────────┐
│ ✔  All emulators ready! It is now safe to connect your app. │
│ i  View Emulator UI at http://127.0.0.1:4000/               │
└─────────────────────────────────────────────────────────────┘

┌────────────────┬────────────────┬─────────────────────────────────┐
│ Emulator       │ Host:Port      │ View in Emulator UI             │
├────────────────┼────────────────┼─────────────────────────────────┤
│ Authentication │ 127.0.0.1:9099 │ http://127.0.0.1:4000/auth      │
├────────────────┼────────────────┼─────────────────────────────────┤
│ Firestore      │ 127.0.0.1:8085 │ http://127.0.0.1:4000/firestore │
└────────────────┴────────────────┴─────────────────────────────────┘
  Emulator Hub host: 127.0.0.1 port: 4400
  Other reserved ports: 4500, 9150

Issues? Report them at https://github.com/firebase/firebase-tools/issues and attach the *-debug.log files.
 
[debug] [2026-10-08T04:52:14.395Z] Oct 08, 2026 4:52:14 AM io.gapi.emulators.netty.HttpVersionRoutingHandler channelRead
INFO: Detected non-HTTP/2 connection.
 {"metadata":{"emulator":{"name":"firestore"},"message":"Oct 08, 2026 4:52:14 AM io.gapi.emulators.netty.HttpVersionRoutingHandler channelRead\nINFO: Detected non-HTTP/2 connection.\n"}}
[debug] [2026-10-08T04:52:14.432Z] Oct 08, 2026 4:52:14 AM io.gapi.emulators.netty.HttpVersionRoutingHandler channelRead
INFO: Detected non-HTTP/2 connection.
 {"metadata":{"emulator":{"name":"firestore"},"message":"Oct 08, 2026 4:52:14 AM io.gapi.emulators.netty.HttpVersionRoutingHandler channelRead\nINFO: Detected non-HTTP/2 connection.\n"}}
[debug] [2026-10-08T04:52:30.985Z] Oct 08, 2026 4:52:30 AM io.gapi.emulators.netty.HttpVersionRoutingHandler channelRead
INFO: Detected non-HTTP/2 connection.
 {"metadata":{"emulator":{"name":"firestore"},"message":"Oct 08, 2026 4:52:30 AM io.gapi.emulators.netty.HttpVersionRoutingHandler channelRead\nINFO: Detected non-HTTP/2 connection.\n"}}
[debug] [2026-10-08T04:52:31.333Z] Oct 08, 2026 4:52:31 AM io.gapi.emulators.netty.HttpVersionRoutingHandler channelRead
INFO: Detected HTTP/2 connection.
 {"metadata":{"emulator":{"name":"firestore"},"message":"Oct 08, 2026 4:52:31 AM io.gapi.emulators.netty.HttpVersionRoutingHandler channelRead\nINFO: Detected HTTP/2 connection.\n"}}
[debug] [2026-10-08T04:52:32.579Z] Oct 08, 2026 4:52:32 AM io.gapi.emulators.netty.HttpVersionRoutingHandler channelRead
INFO: Detected non-HTTP/2 connection.
 {"metadata":{"emulator":{"name":"firestore"},"message":"Oct 08, 2026 4:52:32 AM io.gapi.emulators.netty.HttpVersionRoutingHandler channelRead\nINFO: Detected non-HTTP/2 connection.\n"}}
[debug] [2026-10-08T04:52:32.792Z] Oct 08, 2026 4:52:32 AM io.gapi.emulators.netty.HttpVersionRoutingHandler channelRead
INFO: Detected HTTP/2 connection.
 {"metadata":{"emulator":{"name":"firestore"},"message":"Oct 08, 2026 4:52:32 AM io.gapi.emulators.netty.HttpVersionRoutingHandler channelRead\nINFO: Detected HTTP/2 connection.\n"}}
[debug] [2026-10-08T04:55:03.263Z] Received signal SIGTERM 1
[info]  
[info] i  emulators: Received SIGTERM for the first time. Starting a clean shutdown. 
[info] i  emulators: Please wait for a clean shutdown or send the SIGTERM signal again to stop right now. 
[debug] [2026-10-08T04:55:03.265Z] Found emulator hub locator: {"version":"15.31.0","origins":["http://127.0.0.1:4400","http://[::1]:4400"],"pid":439}
[debug] [2026-10-08T04:55:03.269Z] Delete emulator hub locator file: /tmp/hub-demo-no-project.json
[info] i  emulators: Shutting down emulators. {"metadata":{"emulator":{"name":"hub"},"message":"Shutting down emulators."}}
[info] i  ui: Stopping Emulator UI {"metadata":{"emulator":{"name":"ui"},"message":"Stopping Emulator UI"}}
[info] i  firestore: Stopping Firestore Emulator {"metadata":{"emulator":{"name":"firestore"},"message":"Stopping Firestore Emulator"}}
[debug] [2026-10-08T04:55:03.277Z] *** shutting down gRPC server since JVM is shutting down
 {"metadata":{"emulator":{"name":"firestore"},"message":"*** shutting down gRPC server since JVM is shutting down\n"}}
[debug] [2026-10-08T04:55:03.281Z] *** server shut down
 {"metadata":{"emulator":{"name":"firestore"},"message":"*** server shut down\n"}}
